{
  "table1": {
    "_data": [],
    "_tableCfg": "LM5fm8eNChH3kE3D38X0Fa",
    "_hash": "jpM5ZNlmmoojoYcdPN7htq"
  }
}